[dotenv@17.3.1] injecting env (22) from .env.local -- tip: ΓÜÖ∩╕Å  override existing env vars with { override: true }
  console.log
    [dotenv@17.3.1] injecting env (0) from .env.local -- tip: ≡ƒöÉ prevent building .env in docker: https://dotenvx.com/prebuild

      at _log (node_modules/dotenv/lib/main.js:139:11)

node.exe : FAIL tests/contact-teaser.test.tsx
At line:1 char:1
+ & "C:\Program Files\nodejs/node.exe" "C:\Users\ayush\AppData\Roaming\ ...
+ ~~~~~~~~~~~~~~~~~~~~~~~~~~~~~~~~~~~~~~~~~~~~~~~~~~~~~~~~~~~~~~~~~~~~~
    + CategoryInfo          : NotSpecified: (FAIL tests/contact-teaser.test.tsx:String) [], RemoteException
    + FullyQualifiedErrorId : NativeCommandError
 
  ContactTeaser
    ├ù dispatches guided planner open event (265 ms)
    ΓêÜ does not render legacy AI chatbot trigger (33 ms)

  ΓùÅ ContactTeaser ΓÇ║ dispatches guided planner open event

    TestingLibraryElementError: Unable to find an accessible element with the role "button" and name `/open guided 
planner/i`

    Here are the accessible roles:

      paragraph:

      Name "":
      [36m<p[39m
        [33mclass[39m=[32m"contact-teaser__support-kicker"[39m
      [36m/>[39m

      Name "":
      [36m<p[39m
        [33mclass[39m=[32m"home-copy mt-4 max-w-2xl text-muted"[39m
      [36m/>[39m

      Name "":
      [36m<p[39m
        [33mclass[39m=[32m"contact-teaser__footer-chip"[39m
      [36m/>[39m

      --------------------------------------------------
      heading:

      Name "clear brief.":
      [36m<h2[39m
        [33mclass[39m=[32m"typ-section scheme-text-strong max-w-2xl"[39m
      [36m/>[39m

      --------------------------------------------------
      form:

      Name "Project brief enquiry":
      [36m<form[39m
        [33maria-label[39m=[32m"Project brief enquiry"[39m
        [33mclass[39m=[32m"contact-teaser__form"[39m
        [33mstyle[39m=[32m"opacity: 0; transform: translateY(16px);"[39m
      [36m/>[39m

      --------------------------------------------------
      textbox:

      Name "Name":
      [36m<input[39m
        [33mautocomplete[39m=[32m"name"[39m
        [33mclass[39m=[32m"contact-teaser__input"[39m
        [33mmaxlength[39m=[32m"180"[39m
        [33mplaceholder[39m=[32m"Your name"[39m
        [33mrequired[39m=[32m""[39m
        [33mtype[39m=[32m"text"[39m
        [33mvalue[39m=[32m""[39m
      [36m/>[39m

      Name "City":
      [36m<input[39m
        [33mautocomplete[39m=[32m"address-level2"[39m
        [33mclass[39m=[32m"contact-teaser__input"[39m
        [33mmaxlength[39m=[32m"120"[39m
        [33mplaceholder[39m=[32m"Project city"[39m
        [33mrequired[39m=[32m""[39m
        [33mtype[39m=[32m"text"[39m
        [33mvalue[39m=[32m""[39m
      [36m/>[39m

      Name "Phone or Email":
      [36m<input[39m
        [33mautocomplete[39m=[32m"off"[39m
        [33mclass[39m=[32m"contact-teaser__input"[39m
        [33mmaxlength[39m=[32m"180"[39m
        [33mplaceholder[39m=[32m"Phone or email"[39m
        [33mrequired[39m=[32m""[39m
        [33mtype[39m=[32m"text"[39m
        [33mvalue[39m=[32m""[39m
      [36m/>[39m

      Name "Brief 0/5000":
      [36m<textarea[39m
        [33mclass[39m=[32m"contact-teaser__input contact-teaser__input--textarea"[39m
        [33mmaxlength[39m=[32m"5000"[39m
        [33mplaceholder[39m=[32m"Share scope, team size, or key requirements."[39m
        [33mrequired[39m=[32m""[39m
        [33mrows[39m=[32m"3"[39m
      [36m/>[39m

      --------------------------------------------------
      combobox:

      Name "Timeline":
      [36m<select[39m
        [33mclass[39m=[32m"contact-teaser__input"[39m
      [36m/>[39m

      --------------------------------------------------
      option:

      Name "Immediate":
      [36m<option />[39m

      Name "Within 1-3 months":
      [36m<option />[39m

      Name "Within 3-6 months":
      [36m<option />[39m

      Name "Exploring":
      [36m<option />[39m

      --------------------------------------------------
      button:

      Name "Send Brief":
      [36m<button[39m
        [33mclass[39m=[32m"home-btn-primary sm:ml-auto"[39m
        [33mtype[39m=[32m"submit"[39m
      [36m/>[39m

      --------------------------------------------------
      link:

      Name "WhatsApp now":
      [36m<a[39m
        [33mclass[39m=[32m"contact-teaser__support-link"[39m
        [33mhref[39m=[32m"https://wa.me/919031022875?text=Need%20a%20direct%20workspace%20response%20for%20my%20pro
ject%20brief."[39m
        [33mrel[39m=[32m"noopener noreferrer"[39m
        [33mstyle[39m=[32m"opacity: 0; transform: translateY(24px);"[39m
        [33mtabindex[39m=[32m"0"[39m
        [33mtarget[39m=[32m"_blank"[39m
      [36m/>[39m

      Name "Call team":
      [36m<a[39m
        [33mclass[39m=[32m"contact-teaser__support-link"[39m
        [33mhref[39m=[32m"tel:+919031022875"[39m
        [33mstyle[39m=[32m"opacity: 0; transform: translateY(24px);"[39m
        [33mtabindex[39m=[32m"0"[39m
      [36m/>[39m

      --------------------------------------------------

    Ignored nodes: comments, script, style
    [36m<body>[39m
      [36m<div>[39m
        [36m<section[39m
          [33mclass[39m=[32m"home-section home-section--soft border-t border-[var(--border-soft)] py-14 
md:py-18"[39m
        [36m>[39m
          [36m<div[39m
            [33mclass[39m=[32m"home-shell"[39m
          [36m>[39m
            [36m<div[39m
              [33mclass[39m=[32m"contact-teaser home-frame home-frame--standard"[39m
            [36m>[39m
              [36m<div[39m
                [33mclass[39m=[32m"contact-teaser__stack"[39m
              [36m>[39m
                [36m<div[39m
                  [33mclass[39m=[32m"contact-teaser__intro"[39m
                  [33mstyle[39m=[32m"opacity: 0; transform: translateY(12px);"[39m
                [36m>[39m
                  [36m<p[39m
                    [33mclass[39m=[32m"contact-teaser__support-kicker"[39m
                  [36m>[39m
                    [0mStart with one[0m
                  [36m</p>[39m
                  [36m<h2[39m
                    [33mclass[39m=[32m"typ-section scheme-text-strong max-w-2xl"[39m
                  [36m>[39m
                    [0mclear brief.[0m
                  [36m</h2>[39m
                  [36m<p[39m
                    [33mclass[39m=[32m"home-copy mt-4 max-w-2xl text-muted"[39m
                  [36m>[39m
                    [0mShare your city, scope, and timeline. We'll route the right next step.[0m
                  [36m</p>[39m
                [36m</div>[39m
                [36m<form[39m
                  [33maria-label[39m=[32m"Project brief enquiry"[39m
                  [33mclass[39m=[32m"contact-teaser__form"[39m
                  [33mstyle[39m=[32m"opacity: 0; transform: translateY(16px);"[39m
                [36m>[39m
                  [36m<div[39m
                    [33mclass[39m=[32m"contact-teaser__mini-grid"[39m
                  [36m>[39m
                    [36m<label[39m
                      [33mclass[39m=[32m"contact-teaser__field"[39m
                    [36m>[39m
                      [36m<span[39m
                        [33mclass[39m=[32m"contact-teaser__field-label"[39m
                      [36m>[39m
                        [0mName[0m
                      [36m</span>[39m
                      [36m<input[39m
                        [33mautocomplete[39m=[32m"name"[39m
                        [33mclass[39m=[32m"contact-teaser__input"[39m
                        [33mmaxlength[39m=[32m"180"[39m
                        [33mplaceholder[39m=[32m"Your name"[39m
                        [33mrequired[39m=[32m""[39m
                        [33mtype[39m=[32m"text"[39m
                        [33mvalue[39m=[32m""[39m
                      [36m/>[39m
                    [36m</label>[39m
                    [36m<label[39m
                      [33mclass[39m=[32m"contact-teaser__field"[39m
                    [36m>[39m
                      [36m<span[39m
                        [33mclass[39m=[32m"contact-teaser__field-label"[39m
                      [36m>[39m
                        [0mCity[0m
                      [36m</span>[39m
                      [36m<input[39m
                        [33mautocomplete[39m=[32m"address-level2"[39m
                        [33mclass[39m=[32m"contact-teaser__input"[39m
                        [33mmaxlength[39m=[32m"120"[39m
                        [33mplaceholder[39m=[32m"Project city"[39m
                        [33mrequired[39m=[32m""[39m
                        [33mtype[39m=[32m"text"[39m
                        [33mvalue[39m=[32m""[39m
                      [36m/>[39m
                    [36m</label>[39m
                    [36m<label[39m
                      [33mclass[39m=[32m"contact-teaser__field"[39m
                    [36m>[39m
                      [36m<span[39m
                        [33mclass[39m=[32m"contact-teaser__field-label"[39m
                      [36m>[39m
                        [0mPhone or Email[0m
                      [36m</span>[39m
                      [36m<input[39m
                        [33mautocomplete[39m=[32m"off"[39m
                        [33mclass[39m=[32m"contact-teaser__input"[39m
                        [33mmaxlength[39m=[32m"180"[39m
                        [33mplaceholder[39m=[32m"Phone or email"[39m
                        [33mrequired[39m=[32m""[39m
                        [33mtype[39m=[32m"text"[39m
                        [33mvalue[39m=[32m""[39m
                      [36m/>[39m
                    [36m</label>[39m
                    [36m<label[39m
                      [33mclass[39m=[32m"contact-teaser__field"[39m
                    [36m>[39m
                      [36m<span[39m
                        [33mclass[39m=[32m"contact-teaser__field-label"[39m
                      [36m>[39m
                        [0mTimeline[0m
                      [36m</span>[39m
                      [36m<select[39m
                        [33mclass[39m=[32m"contact-teaser__input"[39m
                      [36m>[39m
                        [36m<option>[39m
                          [0mImmediate[0m
                        [36m</option>[39m
                        [36m<option>[39m
                          [0mWithin 1-3 months[0m
                        [36m</option>[39m
                        [36m<option>[39m
                          [0mWithin 3-6 months[0m
                        [36m</option>[39m
                        [36m<option>[39m
                          [0mExploring[0m
                        [36m</option>[39m
                      [36m</select>[39m
                    [36m</label>[39m
                  [36m</div>[39m
                  [36m<label[39m
                    [33mclass[39m=[32m"contact-teaser__field mt-3"[39m
                  [36m>[39m
                    [36m<div[39m
                      [33mclass[39m=[32m"flex items-center justify-between"[39m
                    [36m>[39m
                      [36m<span[39m
                        [33mclass[39m=[32m"contact-teaser__field-label"[39m
                      [36m>[39m
                        [0mBrief[0m
                      [36m</span>[39m
                      [36m<span[39m
                        [33maria-atomic[39m=[32m"true"[39m
                        [33maria-live[39m=[32m"polite"[39m
                        [33mclass[39m=[32m"text-xs text-subtle"[39m
                      [36m>[39m
                        [0m0[0m
                        [0m/5000[0m
                      [36m</span>[39m
                    [36m</div>[39m
                    [36m<textarea[39m
                      [33mclass[39m=[32m"contact-teaser__input contact-teaser__input--textarea"[39m
                      [33mmaxlength[39m=[32m"5000"[39m
                      [33mplaceholder[39m=[32m"Share scope, team size, or key requirements."[39m
                      [33mrequired[39m=[32m""[39m
                      [33mrows[39m=[32m"3"[39m
                    [36m/>[39m
                  [36m</label>[39m
                  [36m<div[39m
                    [33mclass[39m=[32m"contact-teaser__actions mt-5"[39m
                  [36m>[39m
                    [36m<p[39m
                      [33mclass[39m=[32m"contact-teaser__footer-chip"[39m
                    [36m>[39m
                      [0mBusiness-day response[0m
                    [36m</p>[39m
                    [36m<button[39m
                      [33mclass[39m=[32m"home-btn-primary sm:ml-auto"[39m
                      [33mtype[39m=[32m"submit"[39m
                    [36m>[39m
                      [36m<svg[39m
                        [33maria-hidden[39m=[32m"true"[39m
                        [33mclass[39m=[32m"lucide lucide-message-square-text h-4 w-4"[39m
                        [33mfill[39m=[32m"none"[39m
                        [33mheight[39m=[32m"24"[39m
                        [33mstroke[39m=[32m"currentColor"[39m
                        [33mstroke-linecap[39m=[32m"round"[39m
                        [33mstroke-linejoin[39m=[32m"round"[39m
                        [33mstroke-width[39m=[32m"2"[39m
                        [33mviewBox[39m=[32m"0 0 24 24"[39m
                        [33mwidth[39m=[32m"24"[39m
                        [33mxmlns[39m=[32m"http://www.w3.org/2000/svg"[39m
                      [36m>[39m
                        [36m<path[39m
                          [33md[39m=[32m"M22 17a2 2 0 0 1-2 2H6.828a2 2 0 0 0-1.414.586l-2.202 2.202A.71.71 0 0 1 
2 21.286V5a2 2 0 0 1 2-2h16a2 2 0 0 1 2 2z"[39m
                        [36m/>[39m
                        [36m<path[39m
                          [33md[39m=[32m"M7 11h10"[39m
                        [36m/>[39m
                        [36m<path[39m
                          [33md[39m=[32m"M7 15h6"[39m
                        [36m/>[39m
                        [36m<path[39m
                          [33md[39m=[32m"M7 7h8"[39m
                        [36m/>[39m
                      [36m</svg>[39m
                      [0mSend Brief[0m
                    [36m</button>[39m
                  [36m</div>[39m
                  [36m<div[39m
                    [33mclass[39m=[32m"contact-teaser__support-row mt-4"[39m
                  [36m>[39m
                    [36m<div[39m
                      [33mclass[39m=[32m"contents"[39m
                      [33mstyle[39m=[32m"opacity: 0;"[39m
                    [36m>[39m
                      [36m<a[39m
                        [33mclass[39m=[32m"contact-teaser__support-link"[39m
                        [33mhref[39m=[32m"https://wa.me/919031022875?text=Need%20a%20direct%20workspace%20response%
20for%20my%20project%20brief."[39m
                        [33mrel[39m=[32m"noopener noreferrer"[39m
                        [33mstyle[39m=[32m"opacity: 0; transform: translateY(24px);"[39m
                        [33mtabindex[39m=[32m"0"[39m
                        [33mtarget[39m=[32m"_blank"[39m
                      [36m>[39m
                        [36m<span[39m
                          [33mclass[39m=[32m"contact-teaser__support-link-icon"[39m
                        [36m>[39m
                          [36m<svg[39m
                            [33maria-hidden[39m=[32m"true"[39m
                            [33mclass[39m=[32m"lucide lucide-message-circle h-4 w-4"[39m
                            [33mfill[39m=[32m"none"[39m
                            [33mheight[39m=[32m"24"[39m
                            [33mstroke[39m=[32m"currentColor"[39m
                            [33mstroke-linecap[39m=[32m"round"[39m
                            [33mstroke-linejoin[39m=[32m"round"[39m
                            [33mstroke-width[39m=[32m"2"[39m
                            [33mviewBox[39m=[32m"0 0 24 24"[39m
                            [33mwidth[39m=[32m"24"[39m
                            [33mxmlns[39m=[32m"http://www.w3.org/2000/svg"[39m
                          [36m>[39m
                            [36m<path[39m
                              [33md[39m=[32m"M2.992 16.342a2 2 0 0 1 .094 1.167l-1.065 3.29a1 1 0 0 0 1.236 
1.168l3.413-.998a2 2 0 0 1 1.099.092 10 10 0 1 0-4.777-4.719"[39m
                            [36m/>[39m
                          [36m</svg>[39m
                        [36m</span>[39m
                        [36m<span>[39m
                          [0mWhatsApp now[0m
                        [36m</span>[39m
                        [36m<svg[39m
                          [33maria-hidden[39m=[32m"true"[39m
                          [33mclass[39m=[32m"lucide lucide-arrow-up-right h-3.5 w-3.5"[39m
                          [33mfill[39m=[32m"none"[39m
                          [33mheight[39m=[32m"24"[39m
                          [33mstroke[39m=[32m"currentColor"[39m
                          [33mstroke-linecap[39m=[32m"round"[39m
                          [33mstroke-linejoin[39m=[32m"round"[39m
                          [33mstroke-width[39m=[32m"2"[39m
                          [33mviewBox[39m=[32m"0 0 24 24"[39m
                          [33mwidth[39m=[32m"24"[39m
                          [33mxmlns[39m=[32m"http://www.w3.org/2000/svg"[39m
                        [36m>[39m
                          [36m<path[39m
                            [33md[39m=[32m"M7 7h10v10"[39m
                          [36m/>[39m
                          [36m<path[39m
                            [33md[39m=[32m"M7 17 17 7"[39m
                          [36m/>[39m
                        [36m</svg>[39m
                      [36m</a>[39m
                      [36m<a[39m
                        [33mclass[39m=[32m"contact-teaser__support-link"[39m
                        [33mhref[39m=[32m"tel:+919031022875"[39m
                        [33mstyle[39m=[32m"opacity: 0; transform: translateY(24px);"[39m
                        [33mtabindex[39m=[32m"0"[39m
                      [36m>[39m
                        [36m<span[39m
                          [33mclass[39m=[32m"contact-teaser__support-link-icon"[39m
                        [36m>[39m
                          [36m<svg[39m
                            [33maria-hidden[39m=[32m"true"[39m
                            [33mclass[39m=[32m"lucide lucide-phone h-4 w-4"[39m
                            [33mfill[39m=[32m"none"[39m
                            [33mheight[39m=[32m"24"[39m
                            [33mstroke[39m=[32m"currentColor"[39m
                            [33mstroke-linecap[39m=[32m"round"[39m
                            [33mstroke-linejoin[39m=[32m"round"[39m
                            [33mstroke-width[39m=[32m"2"[39m
                            [33mviewBox[39m=[32m"0 0 24 24"[39m
                            [33mwidth[39m=[32m"24"[39m
                            [33mxmlns[39m=[32m"http://www.w3.org/2000/svg"[39m
                          [36m>[39m
                            [36m<path[39m
                              [33md[39m=[32m"M13.832 16.568a1 1 0 0 0 1.213-.303l.355-.465A2 2 0 0 1 17 15h3a2 2 0 
0 1 2 2v3a2 2 0 0 1-2 2A18 18 0 0 1 2 4a2 2 0 0 1 2-2h3a2 2 0 0 1 2 2v3a2 2 0 0 1-.8 1.6l-.468.351a1 1 0 0 0-.292 
1.233 14 14 0 0 0 6.392 6.384"[39m
                            [36m/>[39m
                          [36m</svg>[39m
                        [36m</span>[39m
                        [36m<span>[39m
                          [0mCall team[0m
                        [36m</span>[39m
                        [36m<svg[39m
                          [33maria-hidden[39m=[32m"true"[39m
                          [33mclass[39m=[32m"lucide lucide-arrow-up-right h-3.5 w-3.5"[39m
                          [33mfill[39m=[32m"none"[39m
                          [33mheight[39m=[32m"24"[39m
                          [33mstroke[39m=[32m"currentColor"[39m
                          [33mstroke-linecap[39m=[32m"round"[39m
                          [33mstroke-linejoin[39m=[32m"round"[39m
                          [33mstroke-width[39m=[32m"2"[39m
                          [33mviewBox[39m=[32m"0 0 24 24"[39m
                          [33mwidth[39m=[32m"24"[39m
                          [33mxmlns[39m=[32m"http://www.w3.org/2000/svg"[39m
                        [36m>[39m
                          [36m<path[39m
                            [33md[39m=[32m"M7 7h10v10"[39m
                          [36m/>[39m
                          [36m<path[39m
                            [33md[39m=[32m"M7 17 17 7"[39m
                          [36m/>[39m
                        [36m</svg>[39m
                      [36m</a>[39m
                    [36m</div>[39m
                  [36m</div>[39m
                [36m</form>[39m
              [36m</div>[39m
            [36m</div>[39m
          [36m</div>[39m
        [36m</section>[39m
      [36m</div>[39m
    [36m</body>[39m

    [0m [90m 12 |[39m
     [90m 13 |[39m     render([33m<[39m[33mContactTeaser[39m [33m/[39m[33m>[39m)[33m;[39m
    [31m[1m>[22m[39m[90m 14 |[39m     
fireEvent[33m.[39mclick(screen[33m.[39mgetByRole([32m"button"[39m[33m,[39m { name[33m:[39m [35m/open 
guided planner/i[39m }))[33m;[39m
     [90m    |[39m                            [31m[1m^[22m[39m
     [90m 15 |[39m
     [90m 16 |[39m     expect(dispatchSpy)[33m.[39mtoHaveBeenCalled()[33m;[39m
     [90m 17 |[39m     [36mconst[39m eventArg [33m=[39m 
dispatchSpy[33m.[39mmock[33m.[39mcalls[[35m0[39m][33m?[39m[33m.[39m[[35m0[39m][33m;[39m[0m

      at Object.getElementError (node_modules/@testing-library/dom/dist/config.js:37:19)
      at node_modules/@testing-library/dom/dist/query-helpers.js:76:38
      at node_modules/@testing-library/dom/dist/query-helpers.js:52:17
      at node_modules/@testing-library/dom/dist/query-helpers.js:95:19
      at Object.getByRole (tests/contact-teaser.test.tsx:14:28)

Test Suites: 1 failed, 1 total
Tests:       1 failed, 1 passed, 2 total
Snapshots:   0 total
Time:        2.445 s
Ran all test suites matching tests/contact-teaser.test.tsx.
